[2026-03-21 23:49:06.078] === PRETTY DOOMed ===
[2026-03-21 23:49:06.078] Loading config: config.cfg
[2026-03-21 23:49:06.080] Loading STT model...
[2026-03-21 23:49:06.080]   Encoder: models/sherpa-onnx/small/encoder-epoch-99-avg-1.int8.onnx (25405 KB)
[2026-03-21 23:49:06.081]   Decoder: models/sherpa-onnx/small/decoder-epoch-99-avg-1.onnx (2043 KB)
[2026-03-21 23:49:06.081]   Joiner:  models/sherpa-onnx/small/joiner-epoch-99-avg-1.int8.onnx (253 KB)
[2026-03-21 23:49:06.082]   Tokens:  models/sherpa-onnx/small/tokens.txt
[2026-03-21 23:49:06.828] STT model loaded (746 ms)
[2026-03-21 23:49:06.828] --- Processing: input/georges_01.wav ---
[2026-03-21 23:49:06.828] Reading audio: input/georges_01.wav
[2026-03-21 23:49:06.835]   48000 Hz, 514048 samples (10.7093s)
[2026-03-21 23:49:06.836] Filtering (GNU Radio)...
[2026-03-21 23:49:07.696] Resampling to 16 kHz...
[2026-03-21 23:49:07.697]   171349 samples, DSP time: 0.8s
[2026-03-21 23:49:07.697] Transcribing (modified_beam_search)...
[2026-03-21 23:49:07.897]   STT time: 0.2s
[2026-03-21 23:49:07.897]   Transcription:  PRETTY THIS IS GEORGE PLAY DOOM PLAY DOOM PLAY DOOM PRETTY THIS IS GEORGE PLAY DOOM PLAY DOOM PLAY DOOM
[2026-03-21 23:49:07.899] Detecting command...
[2026-03-21 23:49:07.899]   Wake word: 2 (exact=2, approx=0)
[2026-03-21 23:49:07.899]   Command [DOOM]: 6 (exact=6, approx=0)
[2026-03-21 23:49:07.899]   Command [PLAY DOOM]: 6 (exact=6, approx=0)
[2026-03-21 23:49:07.902] Command detected! Launching DOOM...
=================     ===============     ===============   ========  ========
\\ . . . . . . .\\   //. . . . . . .\\   //. . . . . . .\\  \\. . .\\// . . //
||. . ._____. . .|| ||. . ._____. . .|| ||. . ._____. . .|| || . . .\/ . . .||
|| . .||   ||. . || || . .||   ||. . || || . .||   ||. . || ||. . . . . . . ||
||. . ||   || . .|| ||. . ||   || . .|| ||. . ||   || . .|| || . | . . . . .||
|| . .||   ||. _-|| ||-_ .||   ||. . || || . .||   ||. _-|| ||-_.|\ . . . . ||
||. . ||   ||-’  || ||  ‘-||   || . .|| ||. . ||   ||-’  || ||  ‘|\_ . .|. .||
|| . _||   ||    || ||    ||   ||_ . || || . _||   ||    || ||   |\ ‘-_/| . ||
||_-’ ||  .|/    || ||    \|.  || ‘-_|| ||_-’ ||  .|/    || ||   | \  / |-_.||
||    ||_-’      || ||      ‘-_||    || ||    ||_-’      || ||   | \  / |  ‘||
||    ‘’         || ||         ‘’    || ||    ‘’         || ||   | \  / |   ||
||            .===’ ‘===.         .===’.‘===.         .===’ /==. |  \/  |   ||
||         .==’   \_|-_ ‘===. .===’   _|_   ‘===. .===’ _-|/   ‘==  \/  |   ||
||      .==’    _-’    ‘-_  ‘=’    _-’   ‘-_    ‘=’  _-’   ‘-_  /|  \/  |   ||
||   .==’    _-’          ‘-__\._-’         ‘-_./__-’         ‘’ |. /|  |   ||
||.==’    _-’                                                     ‘’ |  /==.||
==’    _-’                                                            \/   ‘==
\   _-’                                                                ‘-_   /
 ‘’’                                                                      ‘‘’
[2026-03-21 23:49:07]   Running DOOM demo: e1m7-607 (1/5)
[2026-03-21 23:49:08]   Completed demo: e1m7-607
[2026-03-21 23:49:08.587] Pipeline time: 1.7s (DSP + STT + detection)
[2026-03-21 23:49:08.587] Total time: 2.5s
[2026-03-21 23:49:08.587] === Done ===
[2026-03-21 23:49:08.587] Unloading STT model...
[2026-03-21 23:49:08.605] STT model unloaded
