[2026-03-25 02:51:44.677][c1/t8] === PRETTY DOOMed v3 ===
[2026-03-25 02:51:44.678][c1/t8] Loading config: toGround/run-00003/config.cfg
[2026-03-25 02:51:44.679][c1/t8] SDR Capture mode: 1 capture(s) of 1s, processing=background
[2026-03-25 02:51:44.679][c1/t8] Loading STT model (concurrent with capture)...
[2026-03-25 02:51:44.679][c0/t21] Loading STT model...
[2026-03-25 02:51:44.679][c0/t21]   Encoder: models/sherpa-onnx/small/encoder-epoch-99-avg-1.int8.onnx ([2026-03-25 02:51:44.680][c1/t8] === Capture 1/1 ===
[2026-03-25 02:51:44.680][c1/t8] Configuring SDR...
[2026-03-25 02:51:44.680][c1/t8] SDR Capture: 1s at 200000 Hz effective
[2026-03-25 02:51:44.680][c1/t8]   Frequency:   1296 MHz
[2026-03-25 02:51:44.680][c1/t8]   SDR rate:    2400000 Hz, decimation 12x
[2026-03-25 02:51:44.680][c1/t8]   I/Q samples: 200000, audio samples: 16000
[2026-03-25 02:51:44.680][c1/t8]   Resample:    200000 -> 16000 (interp=2, decim=25)
[2026-03-25 02:51:44.680][c1/t8]   LPF taps: 385, bandpass taps: 193
25405 KB)
[2026-03-25 02:51:44.682][c0/t21]   Decoder: models/sherpa-onnx/small/decoder-epoch-99-avg-1.onnx (2043 KB)
[2026-03-25 02:51:44.683][c0/t21]   Joiner:  models/sherpa-onnx/small/joiner-epoch-99-avg-1.int8.onnx (253 KB)
[2026-03-25 02:51:44.683][c0/t21]   Tokens:  models/sherpa-onnx/small/tokens.txt
[2026-03-25 02:51:44.687][c1/t8] AD9361 RX config written via libiio
[2026-03-25 02:51:44.687][c1/t8] Minimal readback: sample rate mismatch is non-fatal
[2026-03-25 02:51:44.688][c1/t8] AD9361 RX LO readback: 1296000000 Hz
[2026-03-25 02:51:44.688][c1/t8] AD9361 sample rate readback: 2400000 Hz
[2026-03-25 02:51:44.688][c1/t8] AD9361 RX RF bandwidth readback: 200000 Hz
[2026-03-25 02:51:44.689][c1/t8] AD9361 RX gain control mode: manual
[2026-03-25 02:51:44.689][c1/t8] AD9361 RX hardware gain: 50.000000
[2026-03-25 02:51:44.689][c1/t8] AD9361 RX RSSI: 110.75 dB
[2026-03-25 02:51:44.689][c1/t8] Building flowgraph...
[2026-03-25 02:51:44.693][c1/t8] Starting capture...
[2026-03-25 02:51:44.708][c1/t8] Timeout: 70s (60x duration + 10)
[2026-03-25 02:51:45.591][c0/t21] STT model loaded (907 ms)
[2026-03-25 02:51:46.715][c0/t8] Capture complete (I/Q: 200000/200000, audio: 16000/16000, 1s)
[2026-03-25 02:51:46.715][c0/t8] Stopping flowgraph...
[2026-03-25 02:51:46.816][c0/t8] Normalizing audio...
[2026-03-25 02:51:46.819][c0/t8] RMS normalize: rms=0.574312, scale=0.174121, target=-20 dBFS
[2026-03-25 02:51:46.822][c1/t8] SDR capture OK
[2026-03-25 02:51:46.823][c1/t41] IQ diag:  200000 samples analyzed
[2026-03-25 02:51:46.823][c1/t41] IQ RMS:   I=514.053 (-24.0476 dBFS)  Q=513.76 (-24.0526 dBFS)
[2026-03-25 02:51:46.823][c1/t41] IQ zeros: I=0.0805%  Q=0.0835%
[2026-03-25 02:51:46.823][c1/t41] Spectrogram: toGround/run-00003/capture-001/spectrogram.bmp
[2026-03-25 02:51:46.823][c1/t8] Background processing of capture 1 started
[2026-03-25 02:51:46.823][c1/t42] --- Processing: toGround/run-00003/capture-001/capture.wav ---
[2026-03-25 02:51:46.823][c1/t42] Reading audio: toGround/run-00003/capture-001/capture.wav
[2026-03-25 02:51:46.825][c1/t42]   16000 Hz, 16000 samples (1s)
[2026-03-25 02:51:46.825][c1/t42] Filtering (GNU Radio)...
[2026-03-25 02:51:46.840][c1/t42] Resampling to 16 kHz...
[2026-03-25 02:51:46.840][c1/t42]   16000 samples, DSP time: 0.0s
[2026-03-25 02:51:46.840][c1/t42] Transcribing (modified_beam_search)...
[2026-03-25 02:51:46.849][c1/t41] Spectrogram: 1024x256 (768 KB), 1s, freq res 781.25 Hz
[2026-03-25 02:51:46.849][c1/t41] Constellation: toGround/run-00003/capture-001/constellation.bmp
[2026-03-25 02:51:46.858][c1/t41] Constellation: 256x256 (192 KB), 50000 points plotted
[2026-03-25 02:51:46.863][c1/t42]   STT time: 0.0s
[2026-03-25 02:51:46.863][c1/t42]   Transcription:  A
[2026-03-25 02:51:46.864][c1/t42] Detecting command...
[2026-03-25 02:51:46.864][c1/t42]   Wake word: 0 (exact=0, approx=0)
[2026-03-25 02:51:46.865][c1/t42] Force-triggering (doom_force_trigger=true)
[2026-03-25 02:51:46.865][c1/t42] Command detected! Launching DOOM...
[2026-03-25 02:51:46.867][c1/t42] Running DOOM demo: impfight (4/7)
[2026-03-25 02:51:46.924][c0/t42] Completed demo: impfight
[2026-03-25 02:51:46.925][c1/t42] Generating postcard (scale=2)...
[2026-03-25 02:51:46.925][c1/t42]   Frame: toGround/run-00003/capture-001/impfight/frame-001532.jpg
[2026-03-25 02:51:46.925][c1/t42]   SC16:  toGround/run-00003/capture-001/capture.sc16
  I/Q scatter: 200000 points from 200000 samples
[2026-03-25 02:51:47.419][c0/t42] Postcard: toGround/run-00003/capture-001/postcard.png (2520x1800), 0.493514s
[2026-03-25 02:51:47.421][c0/t42] Pipeline time: 0.5s (DSP + STT + detection)
[2026-03-25 02:51:47.423][c1/t8] Background processing of capture 1 complete (0.5s)
[2026-03-25 02:51:47.423][c1/t8] Unloading STT model...
[2026-03-25 02:51:47.436][c1/t8] STT model unloaded
[2026-03-25 02:51:47.436][c1/t8] Total time: 2.7s
[2026-03-25 02:51:47.436][c1/t8] === Done ===
