[2026-03-25 02:50:56.181][c1/t9] === Capture 1/1 ===
[2026-03-25 02:50:56.181][c1/t9] Configuring SDR...
[2026-03-25 02:50:56.181][c1/t9] SDR Capture: 1s at 200000 Hz effective
[2026-03-25 02:50:56.181][c1/t9]   Frequency:   1296 MHz
[2026-03-25 02:50:56.181][c1/t9]   SDR rate:    2400000 Hz, decimation 12x
[2026-03-25 02:50:56.181][c1/t9]   I/Q samples: 200000, audio samples: 16000
[2026-03-25 02:50:56.181][c1/t9]   Resample:    200000 -> 16000 (interp=2, decim=25)
[2026-03-25 02:50:56.181][c1/t9]   LPF taps: 385, bandpass taps: 193
[2026-03-25 02:50:56.189][c1/t9] AD9361 RX config written via libiio
[2026-03-25 02:50:56.189][c1/t9] Minimal readback: sample rate mismatch is non-fatal
[2026-03-25 02:50:56.189][c1/t9] AD9361 RX LO readback: 1296000000 Hz
[2026-03-25 02:50:56.189][c1/t9] AD9361 sample rate readback: 2400000 Hz
[2026-03-25 02:50:56.190][c1/t9] AD9361 RX RF bandwidth readback: 200000 Hz
[2026-03-25 02:50:56.190][c1/t9] AD9361 RX gain control mode: manual
[2026-03-25 02:50:56.190][c1/t9] AD9361 RX hardware gain: 50.000000
[2026-03-25 02:50:56.190][c1/t9] AD9361 RX RSSI: 110.75 dB
[2026-03-25 02:50:56.190][c1/t9] Building flowgraph...
[2026-03-25 02:50:56.194][c1/t9] Starting capture...
[2026-03-25 02:50:56.214][c1/t9] Timeout: 70s (60x duration + 10)
[2026-03-25 02:50:58.215][c0/t9] Capture complete (I/Q: 200000/200000, audio: 16000/16000, 1s)
[2026-03-25 02:50:58.215][c0/t9] Stopping flowgraph...
[2026-03-25 02:50:58.321][c0/t9] Normalizing audio...
[2026-03-25 02:50:58.330][c1/t9] RMS normalize: rms=0.574312, scale=0.174121, target=-20 dBFS
[2026-03-25 02:50:58.348][c0/t9] IQ diag:  200000 samples analyzed
[2026-03-25 02:50:58.348][c0/t9] IQ RMS:   I=514.053 (-24.0476 dBFS)  Q=513.76 (-24.0526 dBFS)
[2026-03-25 02:50:58.348][c0/t9] IQ zeros: I=0.0805%  Q=0.0835%
[2026-03-25 02:50:58.348][c0/t9] Spectrogram: toGround/run-00001/capture-001/spectrogram.bmp
[2026-03-25 02:50:58.403][c1/t9] Spectrogram: 1024x256 (768 KB), 1s, freq res 781.25 Hz
[2026-03-25 02:50:58.403][c1/t9] Constellation: toGround/run-00001/capture-001/constellation.bmp
[2026-03-25 02:50:58.412][c0/t9] Constellation: 256x256 (192 KB), 50000 points plotted
[2026-03-25 02:50:58.412][c0/t9] SDR capture OK
[2026-03-25 02:50:59.119][c1/t9] --- Processing: toGround/run-00001/capture-001/capture.wav ---
[2026-03-25 02:50:59.119][c1/t9] Reading audio: toGround/run-00001/capture-001/capture.wav
[2026-03-25 02:50:59.120][c1/t9]   16000 Hz, 16000 samples (1s)
[2026-03-25 02:50:59.120][c1/t9] Filtering (GNU Radio)...
[2026-03-25 02:50:59.131][c1/t9] Resampling to 16 kHz...
[2026-03-25 02:50:59.131][c1/t9]   16000 samples, DSP time: 0.0s
[2026-03-25 02:50:59.131][c1/t9] Transcribing (modified_beam_search)...
[2026-03-25 02:50:59.148][c1/t9]   STT time: 0.0s
[2026-03-25 02:50:59.148][c1/t9]   Transcription:  A
[2026-03-25 02:50:59.150][c1/t9] Detecting command...
[2026-03-25 02:50:59.150][c1/t9]   Wake word: 0 (exact=0, approx=0)
[2026-03-25 02:50:59.153][c1/t9] Force-triggering (doom_force_trigger=true)
[2026-03-25 02:50:59.153][c1/t9] Command detected! Launching DOOM...
[2026-03-25 02:50:59.155][c1/t9] Running DOOM demo: e1m7-607 (2/7)
[2026-03-25 02:50:59.861][c1/t9] Completed demo: e1m7-607
[2026-03-25 02:50:59.862][c1/t9] Generating postcard (scale=2)...
[2026-03-25 02:50:59.862][c1/t9]   Frame: toGround/run-00001/capture-001/e1m7-607/frames-007992-008025.gif
[2026-03-25 02:50:59.862][c1/t9]   SC16:  toGround/run-00001/capture-001/capture.sc16
  GIF: 34 frames, picked frame 23
  I/Q scatter: 200000 points from 200000 samples
[2026-03-25 02:51:00.425][c1/t9] Postcard: toGround/run-00001/capture-001/postcard.png (2520x1800), 0.563133s
[2026-03-25 02:51:00.429][c0/t9] Pipeline time: 1.3s (DSP + STT + detection)
