[2026-03-24 17:30:12.057] === PRETTY DOOMed ===
[2026-03-24 17:30:12.058] Loading config: /home/exp/config.cfg
[2026-03-24 17:30:12.059] SDR Capture mode: 3 capture(s) of 20s, processing=sequential
[2026-03-24 17:30:12.064] Capture 1/3
[2026-03-24 17:31:04.444] Waiting 5s for IIO cleanup...
[2026-03-24 17:31:09.448] Capture 2/3
[2026-03-24 17:32:01.061] Waiting 5s for IIO cleanup...
[2026-03-24 17:32:06.066] Capture 3/3
[2026-03-24 17:32:59.257] Loading STT model...
[2026-03-24 17:32:59.257]   Encoder: models/sherpa-onnx/small/encoder-epoch-99-avg-1.int8.onnx (25405 KB)
[2026-03-24 17:32:59.257]   Decoder: models/sherpa-onnx/small/decoder-epoch-99-avg-1.onnx (2043 KB)
[2026-03-24 17:32:59.257]   Joiner:  models/sherpa-onnx/small/joiner-epoch-99-avg-1.int8.onnx (253 KB)
[2026-03-24 17:32:59.258]   Tokens:  models/sherpa-onnx/small/tokens.txt
[2026-03-24 17:33:15.959] STT model loaded (16701 ms)
[2026-03-24 17:33:15.959] All captures complete, processing 3 WAV(s)
[2026-03-24 17:33:15.960] Processing capture 1/3
[2026-03-24 17:33:55.099] Processing capture 2/3
[2026-03-24 17:34:32.330] Processing capture 3/3
[2026-03-24 17:35:09.359] Unloading STT model...
[2026-03-24 17:35:09.498] STT model unloaded
[2026-03-24 17:35:09.498] Total time: 297.4s
[2026-03-24 17:35:09.498] === Done ===
