[2026-04-07 16:25:02.596][c0/t987] === PRETTY DOOMed v6 ===
[2026-04-07 16:25:02.596][c0/t987] Loading config: /home/exp/toGround/run-00002/config.cfg
[2026-04-07 16:25:02.598][c0/t987] SDR Capture mode: 3 capture(s) of 20s, processing=background, decimation=hardware FIR, sdr_init=once
[2026-04-07 16:25:02.622][c0/t987] AD9361 RX LO/gain written via libiio
[2026-04-07 16:25:02.622][c0/t987] Configuring AD9361 hardware FIR: rate=600000 Fpass=200000 Fstop=250000
[2026-04-07 16:25:06.961][c1/t987] AD9361 hardware FIR configured
[2026-04-07 16:25:06.962][c1/t987] AD9361 hardware FIR readback: enabled
[2026-04-07 16:25:06.962][c1/t987] AD9361 FIR config readback: FIR Rx: 128,4 Tx: 128,4
[2026-04-07 16:25:06.963][c1/t987] AD9361 RX LO readback: 1296000000 Hz
[2026-04-07 16:25:06.964][c1/t987] AD9361 sample rate readback: 599999 Hz
[2026-04-07 16:25:06.964][c1/t987] AD9361 sample rate readback: 599999 Hz (within +/-10 Hz of requested 600000 Hz)
[2026-04-07 16:25:06.964][c1/t987] AD9361 RX RF bandwidth readback: 350000 Hz
[2026-04-07 16:25:06.965][c1/t987] AD9361 RX gain control mode: manual
[2026-04-07 16:25:06.965][c1/t987] AD9361 RX hardware gain: 50.000000 dB
[2026-04-07 16:25:06.966][c1/t987] AD9361 RX RSSI: 104.25 dB
[2026-04-07 16:25:06.966][c1/t987] Loading STT model (concurrent with capture)...
[2026-04-07 16:25:06.966][c0/t1024] Loading STT model...
[2026-04-07 16:25:06.966][c0/t1024]   Encoder: models/sherpa-onnx/small/encoder-epoch-99-avg-1.int8.onnx (25405 KB)
[2026-04-07 16:25:06.967][c0/t1024]   Decoder: models/sherpa-onnx/small/decoder-epoch-99-avg-1.onnx (2043 KB)
[2026-04-07 16:25:06.967][c0/t1024]   Joiner:  models/sherpa-onnx/small/joiner-epoch-99-avg-1.int8.onnx (253 KB)
[2026-04-07 16:25:06.967][c0/t1024]   Tokens:  models/sherpa-onnx/small/tokens.txt
[2026-04-07 16:25:06.976][c1/t987] === Capture 1/3 ===
[2026-04-07 16:25:06.976][c1/t987] Configuring SDR...
[2026-04-07 16:25:06.976][c1/t987] SDR Capture: 20s at 200000 Hz effective
[2026-04-07 16:25:06.976][c1/t987]   Frequency:   1296 MHz
[2026-04-07 16:25:06.976][c1/t987]   HW FIR:      2400000 Hz ADC -> 600000 Hz post-FIR
[2026-04-07 16:25:06.976][c1/t987]   SDR rate:    600000 Hz (post-FIR), decimation 3x
[2026-04-07 16:25:06.976][c1/t987]   I/Q samples: 4000000, audio samples: 320000
[2026-04-07 16:25:06.976][c1/t987]   Resample:    200000 -> 16000 (interp=2, decim=25)
[2026-04-07 16:25:06.977][c1/t987]   LPF taps: 97, bandpass taps: 193
[2026-04-07 16:25:06.977][c1/t987] Building flowgraph...
[2026-04-07 16:25:07.012][c1/t987] Starting capture...
[2026-04-07 16:25:07.040][c1/t987] Timeout: 50s (2x duration + 10)
[2026-04-07 16:25:12.054][c1/t987] Progress [5s]: I/Q 899799/4000000, audio 71950/320000
[2026-04-07 16:25:17.065][c1/t987] Progress [10s]: I/Q 1892142/4000000, audio 151337/320000
[2026-04-07 16:25:22.080][c1/t987] Progress [15s]: I/Q 2800035/4000000, audio 223969/320000
[2026-04-07 16:25:27.091][c1/t987] Progress [20s]: I/Q 3703865/4000000, audio 296275/320000
[2026-04-07 16:25:27.838][c0/t1024] STT model loaded (20871 ms)
[2026-04-07 16:25:28.994][c1/t987] Capture complete (I/Q: 4000000/4000000, audio: 319997/320000, 21s)
[2026-04-07 16:25:28.994][c1/t987] Stopping flowgraph...
[2026-04-07 16:25:29.095][c1/t987] Normalizing audio...
[2026-04-07 16:25:29.110][c1/t987] RMS normalize: rms=0.577018, scale=0.173305, target=-20 dBFS
[2026-04-07 16:25:29.145][c1/t987] SDR capture OK
[2026-04-07 16:25:29.149][c1/t1162] Background STT of capture 1 started
[2026-04-07 16:25:29.149][c1/t1162] --- Processing: /home/exp/toGround/run-00002/capture-001/capture.wav ---
[2026-04-07 16:25:29.149][c1/t1162] Reading audio: /home/exp/toGround/run-00002/capture-001/capture.wav
[2026-04-07 16:25:29.163][c1/t1162]   16000 Hz, 319997 samples (19.9998s)
[2026-04-07 16:25:29.172][c1/t1162] Filtering (GNU Radio)...
[2026-04-07 16:25:29.173][c1/t987] === Capture 2/3 ===
[2026-04-07 16:25:29.173][c1/t987] Configuring SDR...
[2026-04-07 16:25:29.173][c1/t987] SDR Capture: 20s at 200000 Hz effective
[2026-04-07 16:25:29.173][c1/t987]   Frequency:   1296 MHz
[2026-04-07 16:25:29.173][c1/t987]   HW FIR:      2400000 Hz ADC -> 600000 Hz post-FIR
[2026-04-07 16:25:29.173][c1/t987]   SDR rate:    600000 Hz (post-FIR), decimation 3x
[2026-04-07 16:25:29.173][c1/t987]   I/Q samples: 4000000, audio samples: 320000
[2026-04-07 16:25:29.173][c1/t987]   Resample:    200000 -> 16000 (interp=2, decim=25)
[2026-04-07 16:25:29.173][c1/t987]   LPF taps: 97, bandpass taps: 193
[2026-04-07 16:25:29.173][c1/t987] Building flowgraph...
[2026-04-07 16:25:29.235][c1/t987] Starting capture...
[2026-04-07 16:25:29.264][c0/t1161] IQ diag:  4000000 samples analyzed
[2026-04-07 16:25:29.264][c0/t1161] IQ RMS:   I=85.0533 (-39.674 dBFS)  Q=84.9964 (-39.6798 dBFS)
[2026-04-07 16:25:29.264][c0/t1161] IQ zeros: I=0.465175%  Q=0.472575%
[2026-04-07 16:25:29.264][c0/t1161] IQ metrics: /home/exp/toGround/run-00002/capture-001/capture-metrics.csv
[2026-04-07 16:25:29.264][c0/t1161] Spectrogram: /home/exp/toGround/run-00002/capture-001/spectrogram.bmp
[2026-04-07 16:25:29.284][c1/t987] Timeout: 50s (2x duration + 10)
[2026-04-07 16:25:29.692][c1/t1161] Spectrogram: 1024x256 (768 KB), 20s, freq res 781.25 Hz
[2026-04-07 16:25:29.699][c1/t1161] Constellation: /home/exp/toGround/run-00002/capture-001/constellation.bmp
[2026-04-07 16:25:29.816][c1/t1161] Constellation: 256x256 (192 KB), 50000 points plotted
[2026-04-07 16:25:29.816][c1/t1161] PSD: /home/exp/toGround/run-00002/capture-001/capture-psd.csv
[2026-04-07 16:25:30.842][c1/t1162] Resampling to 16 kHz...
[2026-04-07 16:25:30.852][c1/t1162]   319997 samples, DSP time: 1.6s
[2026-04-07 16:25:30.853][c1/t1162] Transcribing (modified_beam_search)...
[2026-04-07 16:25:32.427][c0/t1161] PSD: 800x256, 1024 bins, freq res 195.312 Hz, 7811 segments
[2026-04-07 16:25:34.296][c1/t987] Progress [5s]: I/Q 876511/4000000, audio 69871/320000
[2026-04-07 16:25:39.340][c1/t987] Progress [10s]: I/Q 1788824/4000000, audio 142856/320000
[2026-04-07 16:25:44.357][c1/t987] Progress [15s]: I/Q 2727728/4000000, audio 218184/320000
[2026-04-07 16:25:49.381][c1/t987] Progress [20s]: I/Q 3661236/4000000, audio 292865/320000
[2026-04-07 16:25:51.787][c1/t987] Capture complete (I/Q: 4000000/4000000, audio: 320000/320000, 22s)
[2026-04-07 16:25:51.788][c1/t987] Stopping flowgraph...
[2026-04-07 16:25:51.888][c1/t987] Normalizing audio...
[2026-04-07 16:25:51.909][c1/t987] RMS normalize: rms=0.577076, scale=0.173287, target=-20 dBFS
[2026-04-07 16:25:51.965][c1/t987] SDR capture OK
[2026-04-07 16:25:51.974][c1/t987] === Capture 3/3 ===
[2026-04-07 16:25:51.975][c1/t987] Configuring SDR...
[2026-04-07 16:25:51.975][c1/t987] SDR Capture: 20s at 200000 Hz effective
[2026-04-07 16:25:51.975][c1/t987]   Frequency:   1296 MHz
[2026-04-07 16:25:51.975][c1/t987]   HW FIR:      2400000 Hz ADC -> 600000 Hz post-FIR
[2026-04-07 16:25:51.975][c1/t987]   SDR rate:    600000 Hz (post-FIR), decimation 3x
[2026-04-07 16:25:51.975][c1/t987]   I/Q samples: 4000000, audio samples: 320000
[2026-04-07 16:25:51.975][c1/t987]   Resample:    200000 -> 16000 (interp=2, decim=25)
[2026-04-07 16:25:51.975][c1/t987]   LPF taps: 97, bandpass taps: 193
[2026-04-07 16:25:51.975][c1/t987] Building flowgraph...
[2026-04-07 16:25:52.004][c1/t987] Starting capture...
[2026-04-07 16:25:52.056][c1/t987] Timeout: 50s (2x duration + 10)
[2026-04-07 16:25:52.160][c1/t1304] IQ diag:  4000000 samples analyzed
[2026-04-07 16:25:52.160][c1/t1304] IQ RMS:   I=84.9452 (-39.685 dBFS)  Q=84.8878 (-39.6909 dBFS)
[2026-04-07 16:25:52.161][c1/t1304] IQ zeros: I=0.467625%  Q=0.47165%
[2026-04-07 16:25:52.162][c1/t1304] IQ metrics: /home/exp/toGround/run-00002/capture-002/capture-metrics.csv
[2026-04-07 16:25:52.165][c1/t1304] Spectrogram: /home/exp/toGround/run-00002/capture-002/spectrogram.bmp
[2026-04-07 16:25:52.562][c0/t1304] Spectrogram: 1024x256 (768 KB), 20s, freq res 781.25 Hz
[2026-04-07 16:25:52.578][c0/t1304] Constellation: /home/exp/toGround/run-00002/capture-002/constellation.bmp
[2026-04-07 16:25:52.780][c0/t1304] Constellation: 256x256 (192 KB), 50000 points plotted
[2026-04-07 16:25:52.780][c0/t1304] PSD: /home/exp/toGround/run-00002/capture-002/capture-psd.csv
[2026-04-07 16:25:55.453][c1/t1304] PSD: 800x256, 1024 bins, freq res 195.312 Hz, 7811 segments
[2026-04-07 16:25:57.069][c1/t987] Progress [5s]: I/Q 915014/4000000, audio 73167/320000
[2026-04-07 16:26:02.078][c1/t987] Progress [10s]: I/Q 1927164/4000000, audio 154139/320000
[2026-04-07 16:26:07.086][c0/t987] Progress [15s]: I/Q 2872829/4000000, audio 229792/320000
[2026-04-07 16:26:12.091][c0/t987] Progress [20s]: I/Q 3809035/4000000, audio 304689/320000
[2026-04-07 16:26:13.693][c0/t987] Capture complete (I/Q: 4000000/4000000, audio: 320000/320000, 21s)
[2026-04-07 16:26:13.693][c0/t987] Stopping flowgraph...
[2026-04-07 16:26:13.793][c0/t987] Normalizing audio...
[2026-04-07 16:26:13.819][c0/t987] RMS normalize: rms=0.57641, scale=0.173488, target=-20 dBFS
[2026-04-07 16:26:13.894][c0/t987] SDR capture OK
[2026-04-07 16:26:13.956][c1/t1441] IQ diag:  4000000 samples analyzed
[2026-04-07 16:26:13.956][c1/t1441] IQ RMS:   I=84.9835 (-39.6811 dBFS)  Q=84.9324 (-39.6863 dBFS)
[2026-04-07 16:26:13.956][c1/t1441] IQ zeros: I=0.471475%  Q=0.46%
[2026-04-07 16:26:13.956][c1/t1441] IQ metrics: /home/exp/toGround/run-00002/capture-003/capture-metrics.csv
[2026-04-07 16:26:13.956][c1/t1441] Spectrogram: /home/exp/toGround/run-00002/capture-003/spectrogram.bmp
[2026-04-07 16:26:14.153][c1/t1441] Spectrogram: 1024x256 (768 KB), 20s, freq res 781.25 Hz
[2026-04-07 16:26:14.159][c1/t1441] Constellation: /home/exp/toGround/run-00002/capture-003/constellation.bmp
[2026-04-07 16:26:14.257][c1/t1441] Constellation: 256x256 (192 KB), 50000 points plotted
[2026-04-07 16:26:14.258][c1/t1441] PSD: /home/exp/toGround/run-00002/capture-003/capture-psd.csv
[2026-04-07 16:26:15.806][c1/t1441] PSD: 800x256, 1024 bins, freq res 195.312 Hz, 7811 segments
[2026-04-07 16:26:15.882][c0/t1162]   STT time: 45.0s
[2026-04-07 16:26:15.883][c0/t1162]   Transcription:  I
[2026-04-07 16:26:15.883][c0/t1162] Detecting command...
[2026-04-07 16:26:15.883][c0/t1162]   Wake word: 0 (exact=0, approx=0)
[2026-04-07 16:26:15.884][c0/t1162] Force-triggering (doom_force_trigger=true)
[2026-04-07 16:26:15.885][c0/t1162] Background STT of capture 1 complete (46.7s)
[2026-04-07 16:26:15.885][c1/t1455] Command detected! Launching DOOM...
[2026-04-07 16:26:15.885][c1/t1305] Background STT of capture 2 started
[2026-04-07 16:26:15.886][c1/t1305] --- Processing: /home/exp/toGround/run-00002/capture-002/capture.wav ---
[2026-04-07 16:26:15.886][c1/t1305] Reading audio: /home/exp/toGround/run-00002/capture-002/capture.wav
[2026-04-07 16:26:15.899][c1/t1305]   16000 Hz, 320000 samples (20s)
[2026-04-07 16:26:15.901][c1/t1455] Running DOOM demo: gl-e1m2b (1/7)
[2026-04-07 16:26:15.914][c1/t1305] Filtering (GNU Radio)...
[2026-04-07 16:26:17.037][c1/t1305] Resampling to 16 kHz...
[2026-04-07 16:26:17.044][c1/t1305]   320000 samples, DSP time: 1.1s
[2026-04-07 16:26:17.044][c1/t1305] Transcribing (modified_beam_search)...
[2026-04-07 16:26:36.437][c1/t1455] Completed demo: gl-e1m2b
[2026-04-07 16:26:36.438][c1/t1455] Generating postcard (scale=2)...
[2026-04-07 16:26:36.438][c1/t1455]   Frame: /home/exp/toGround/run-00002/capture-001/gl-e1m2b/frames-000480-000540.gif
[2026-04-07 16:26:36.438][c1/t1455]   SC16:  /home/exp/toGround/run-00002/capture-001/capture.sc16
  GIF: 61 frames, picked frame 56
  I/Q scatter: 121213 points from 4000000 samples
[2026-04-07 16:26:47.054][c0/t1455] Postcard: /home/exp/toGround/run-00002/capture-001/postcard.png (2520x1800), 10.6165s
[2026-04-07 16:26:47.077][c0/t1455] SC16 deleted: /home/exp/toGround/run-00002/capture-001/capture.sc16
[2026-04-07 16:26:54.625][c1/t1305]   STT time: 37.5s
[2026-04-07 16:26:54.625][c1/t1305]   Transcription:  I
[2026-04-07 16:26:54.625][c1/t1305] Detecting command...
[2026-04-07 16:26:54.626][c1/t1305]   Wake word: 0 (exact=0, approx=0)
[2026-04-07 16:26:54.626][c1/t1305] Force-triggering (doom_force_trigger=true)
[2026-04-07 16:26:54.628][c1/t1305] Background STT of capture 2 complete (38.7s)
[2026-04-07 16:26:54.628][c0/t1673] Command detected! Launching DOOM...
[2026-04-07 16:26:54.628][c1/t1442] Background STT of capture 3 started
[2026-04-07 16:26:54.628][c1/t1442] --- Processing: /home/exp/toGround/run-00002/capture-003/capture.wav ---
[2026-04-07 16:26:54.628][c1/t1442] Reading audio: /home/exp/toGround/run-00002/capture-003/capture.wav
[2026-04-07 16:26:54.629][c0/t1673] Running DOOM demo: e1m7-607 (2/7)
[2026-04-07 16:26:54.658][c1/t1442]   16000 Hz, 320000 samples (20s)
[2026-04-07 16:26:54.664][c1/t1442] Filtering (GNU Radio)...
[2026-04-07 16:26:55.791][c1/t1442] Resampling to 16 kHz...
[2026-04-07 16:26:55.797][c1/t1442]   320000 samples, DSP time: 1.1s
[2026-04-07 16:26:55.797][c1/t1442] Transcribing (modified_beam_search)...
[2026-04-07 16:27:07.928][c0/t1673] Completed demo: e1m7-607
[2026-04-07 16:27:07.928][c0/t1673] Generating postcard (scale=2)...
[2026-04-07 16:27:07.928][c0/t1673]   Frame: /home/exp/toGround/run-00002/capture-002/e1m7-607/frames-007992-008025.gif
[2026-04-07 16:27:07.928][c0/t1673]   SC16:  /home/exp/toGround/run-00002/capture-002/capture.sc16
  GIF: 34 frames, picked frame 29
  I/Q scatter: 121213 points from 4000000 samples
[2026-04-07 16:27:17.481][c0/t1673] Postcard: /home/exp/toGround/run-00002/capture-002/postcard.png (2520x1800), 9.55317s
[2026-04-07 16:27:17.505][c0/t1673] SC16 deleted: /home/exp/toGround/run-00002/capture-002/capture.sc16
[2026-04-07 16:27:32.848][c1/t1442]   STT time: 37.0s
[2026-04-07 16:27:32.848][c1/t1442]   Transcription:  I
[2026-04-07 16:27:32.848][c1/t1442] Detecting command...
[2026-04-07 16:27:32.848][c1/t1442]   Wake word: 0 (exact=0, approx=0)
[2026-04-07 16:27:32.849][c1/t1442] Force-triggering (doom_force_trigger=true)
[2026-04-07 16:27:32.850][c1/t1442] Background STT of capture 3 complete (38.2s)
[2026-04-07 16:27:32.851][c0/t1891] Command detected! Launching DOOM...
[2026-04-07 16:27:32.852][c0/t1891] Running DOOM demo: gl-e1m2 (3/7)
[2026-04-07 16:27:37.815][c0/t1891] Completed demo: gl-e1m2
[2026-04-07 16:27:37.815][c0/t1891] Generating postcard (scale=2)...
[2026-04-07 16:27:37.816][c0/t1891]   Frame: /home/exp/toGround/run-00002/capture-003/gl-e1m2/frames-000646-000675.gif
[2026-04-07 16:27:37.816][c0/t1891]   SC16:  /home/exp/toGround/run-00002/capture-003/capture.sc16
  GIF: 30 frames, picked frame 7
  I/Q scatter: 121213 points from 4000000 samples
[2026-04-07 16:27:47.182][c0/t1891] Postcard: /home/exp/toGround/run-00002/capture-003/postcard.png (2520x1800), 9.36682s
[2026-04-07 16:27:47.207][c0/t1891] SC16 deleted: /home/exp/toGround/run-00002/capture-003/capture.sc16
[2026-04-07 16:27:47.262][c0/t987] AD9361 hardware FIR disabled (cleanup)
[2026-04-07 16:27:47.262][c0/t987] Generating PSD comparison: /home/exp/toGround/run-00002/psd-comparison.bmp
[2026-04-07 16:27:47.372][c0/t987] PSD comparison: 3 captures, 800x512
[2026-04-07 16:27:47.372][c0/t987] Unloading STT model...
[2026-04-07 16:27:47.520][c0/t987] STT model unloaded
[2026-04-07 16:27:47.520][c0/t987] Total time: 164.9s
[2026-04-07 16:27:47.520][c0/t987] === Done ===
