[2026-04-02 18:36:30.752][c0/t62] === PRETTY DOOMed v5 ===
[2026-04-02 18:36:30.752][c0/t62] Loading config: /home/exp/toGround/run-00001/config.cfg
[2026-04-02 18:36:30.754][c0/t62] SDR Capture mode: 2 capture(s) of 20s, processing=background, decimation=hardware FIR, sdr_init=once
[2026-04-02 18:36:30.795][c0/t62] AD9361 RX LO/gain written via libiio
[2026-04-02 18:36:30.795][c0/t62] Configuring AD9361 hardware FIR: rate=600000 Fpass=200000 Fstop=250000
[2026-04-02 18:36:36.959][c0/t62] AD9361 hardware FIR configured
[2026-04-02 18:36:36.960][c0/t62] AD9361 hardware FIR readback: enabled
[2026-04-02 18:36:36.960][c0/t62] AD9361 FIR config readback: FIR Rx: 128,4 Tx: 128,4
[2026-04-02 18:36:36.961][c0/t62] AD9361 RX LO readback: 1296000000 Hz
[2026-04-02 18:36:36.962][c0/t62] AD9361 sample rate readback: 599999 Hz
[2026-04-02 18:36:36.962][c0/t62] AD9361 sample rate readback: 599999 Hz (within +/-10 Hz of requested 600000 Hz)
[2026-04-02 18:36:36.962][c0/t62] AD9361 RX RF bandwidth readback: 350000 Hz
[2026-04-02 18:36:36.963][c0/t62] AD9361 RX gain control mode: manual
[2026-04-02 18:36:36.963][c0/t62] AD9361 RX hardware gain: 50.000000 dB
[2026-04-02 18:36:36.964][c0/t62] AD9361 RX RSSI: 101.25 dB
[2026-04-02 18:36:36.964][c0/t62] Loading STT model (concurrent with capture)...
[2026-04-02 18:36:36.964][c1/t106] Loading STT model...
[2026-04-02 18:36:36.964][c1/t106]   Encoder: models/sherpa-onnx/small/encoder-epoch-99-avg-1.int8.onnx (25405 KB)
[2026-04-02 18:36:36.968][c1/t106]   Decoder: models/sherpa-onnx/small/decoder-epoch-99-avg-1.onnx (2043 KB)
[2026-04-02 18:36:36.969][c1/t106]   Joiner:  models/sherpa-onnx/small/joiner-epoch-99-avg-1.int8.onnx (253 KB)
[2026-04-02 18:36:36.969][c1/t106]   Tokens:  models/sherpa-onnx/small/tokens.txt
[2026-04-02 18:36:36.972][c0/t62] === Capture 1/2 ===
[2026-04-02 18:36:36.972][c0/t62] Configuring SDR...
[2026-04-02 18:36:36.972][c0/t62] SDR Capture: 20s at 200000 Hz effective
[2026-04-02 18:36:36.972][c0/t62]   Frequency:   1296 MHz
[2026-04-02 18:36:36.972][c0/t62]   HW FIR:      2400000 Hz ADC -> 600000 Hz post-FIR
[2026-04-02 18:36:36.972][c0/t62]   SDR rate:    600000 Hz (post-FIR), decimation 3x
[2026-04-02 18:36:36.972][c0/t62]   I/Q samples: 4000000, audio samples: 320000
[2026-04-02 18:36:36.972][c0/t62]   Resample:    200000 -> 16000 (interp=2, decim=25)
[2026-04-02 18:36:36.973][c0/t62]   LPF taps: 97, bandpass taps: 193
[2026-04-02 18:36:36.973][c0/t62] Building flowgraph...
[2026-04-02 18:36:37.036][c0/t62] Starting capture...
[2026-04-02 18:36:37.259][c0/t62] Timeout: 50s (2x duration + 10)
[2026-04-02 18:36:42.270][c0/t62] Progress [5s]: I/Q 991134/4000000, audio 79257/320000
[2026-04-02 18:36:47.278][c0/t62] Progress [10s]: I/Q 1990623/4000000, audio 159216/320000
[2026-04-02 18:36:52.291][c1/t62] Progress [15s]: I/Q 2992810/4000000, audio 239391/320000
[2026-04-02 18:36:57.300][c1/t62] Progress [20s]: I/Q 3985466/4000000, audio 318587/320000
[2026-04-02 18:36:57.900][c1/t62] Capture complete (I/Q: 4000000/4000000, audio: 320000/320000, 20s)
[2026-04-02 18:36:57.900][c1/t62] Stopping flowgraph...
[2026-04-02 18:36:58.000][c1/t62] Normalizing audio...
[2026-04-02 18:36:58.029][c1/t62] RMS normalize: rms=0.574802, scale=0.173973, target=-20 dBFS
[2026-04-02 18:36:58.110][c1/t62] SDR capture OK
[2026-04-02 18:36:58.222][c1/t236] IQ diag:  4000000 samples analyzed
[2026-04-02 18:36:58.222][c1/t236] IQ RMS:   I=17.7211 (-53.298 dBFS)  Q=17.6124 (-53.3514 dBFS)
[2026-04-02 18:36:58.222][c1/t236] IQ zeros: I=2.24193%  Q=2.26432%
[2026-04-02 18:36:58.223][c1/t236] IQ metrics: /home/exp/toGround/run-00001/capture-001/capture-metrics.csv
[2026-04-02 18:36:58.223][c1/t236] Spectrogram: /home/exp/toGround/run-00001/capture-001/spectrogram.bmp
[2026-04-02 18:36:58.442][c1/t236] Spectrogram: 1024x256 (768 KB), 20s, freq res 781.25 Hz
[2026-04-02 18:36:58.447][c1/t236] Constellation: /home/exp/toGround/run-00001/capture-001/constellation.bmp
[2026-04-02 18:36:58.540][c1/t236] Constellation: 256x256 (192 KB), 50000 points plotted
[2026-04-02 18:36:58.540][c1/t236] PSD: /home/exp/toGround/run-00001/capture-001/capture-psd.csv
[2026-04-02 18:36:59.650][c0/t106] STT model loaded (22681 ms)
[2026-04-02 18:36:59.651][c0/t249] Background STT of capture 1 started
[2026-04-02 18:36:59.651][c0/t249] --- Processing: /home/exp/toGround/run-00001/capture-001/capture.wav ---
[2026-04-02 18:36:59.651][c0/t249] Reading audio: /home/exp/toGround/run-00001/capture-001/capture.wav
[2026-04-02 18:36:59.665][c0/t249]   16000 Hz, 320000 samples (20s)
[2026-04-02 18:36:59.672][c0/t249] Filtering (GNU Radio)...
[2026-04-02 18:36:59.683][c1/t62] === Capture 2/2 ===
[2026-04-02 18:36:59.683][c1/t62] Configuring SDR...
[2026-04-02 18:36:59.683][c1/t62] SDR Capture: 20s at 200000 Hz effective
[2026-04-02 18:36:59.683][c1/t62]   Frequency:   1296 MHz
[2026-04-02 18:36:59.683][c1/t62]   HW FIR:      2400000 Hz ADC -> 600000 Hz post-FIR
[2026-04-02 18:36:59.683][c1/t62]   SDR rate:    600000 Hz (post-FIR), decimation 3x
[2026-04-02 18:36:59.683][c1/t62]   I/Q samples: 4000000, audio samples: 320000
[2026-04-02 18:36:59.683][c1/t62]   Resample:    200000 -> 16000 (interp=2, decim=25)
[2026-04-02 18:36:59.683][c1/t62]   LPF taps: 97, bandpass taps: 193
[2026-04-02 18:36:59.683][c1/t62] Building flowgraph...
[2026-04-02 18:36:59.736][c1/t62] Starting capture...
[2026-04-02 18:36:59.796][c1/t62] Timeout: 50s (2x duration + 10)
[2026-04-02 18:37:00.248][c0/t236] PSD: 800x256, 1024 bins, freq res 195.312 Hz, 7811 segments
[2026-04-02 18:37:01.206][c0/t249] Resampling to 16 kHz...
[2026-04-02 18:37:01.213][c0/t249]   320000 samples, DSP time: 1.5s
[2026-04-02 18:37:01.213][c0/t249] Transcribing (modified_beam_search)...
[2026-04-02 18:37:04.813][c1/t62] Progress [5s]: I/Q 972110/4000000, audio 77519/320000
[2026-04-02 18:37:09.831][c1/t62] Progress [10s]: I/Q 1954182/4000000, audio 156300/320000
[2026-04-02 18:37:14.854][c1/t62] Progress [15s]: I/Q 2887690/4000000, audio 230981/320000
[2026-04-02 18:37:19.874][c1/t62] Progress [20s]: I/Q 3813104/4000000, audio 305014/320000
[2026-04-02 18:37:21.477][c1/t62] Capture complete (I/Q: 4000000/4000000, audio: 320000/320000, 21s)
[2026-04-02 18:37:21.477][c1/t62] Stopping flowgraph...
[2026-04-02 18:37:21.578][c1/t62] Normalizing audio...
[2026-04-02 18:37:21.598][c1/t62] RMS normalize: rms=0.575445, scale=0.173779, target=-20 dBFS
[2026-04-02 18:37:21.674][c1/t62] SDR capture OK
[2026-04-02 18:37:21.798][c1/t391] IQ diag:  4000000 samples analyzed
[2026-04-02 18:37:21.798][c1/t391] IQ RMS:   I=17.5645 (-53.3751 dBFS)  Q=17.5895 (-53.3627 dBFS)
[2026-04-02 18:37:21.799][c1/t391] IQ zeros: I=2.26823%  Q=2.27027%
[2026-04-02 18:37:21.799][c1/t391] IQ metrics: /home/exp/toGround/run-00001/capture-002/capture-metrics.csv
[2026-04-02 18:37:21.799][c1/t391] Spectrogram: /home/exp/toGround/run-00001/capture-002/spectrogram.bmp
[2026-04-02 18:37:21.997][c1/t391] Spectrogram: 1024x256 (768 KB), 20s, freq res 781.25 Hz
[2026-04-02 18:37:22.003][c1/t391] Constellation: /home/exp/toGround/run-00001/capture-002/constellation.bmp
[2026-04-02 18:37:22.096][c1/t391] Constellation: 256x256 (192 KB), 50000 points plotted
[2026-04-02 18:37:22.097][c1/t391] PSD: /home/exp/toGround/run-00001/capture-002/capture-psd.csv
[2026-04-02 18:37:23.684][c1/t391] PSD: 800x256, 1024 bins, freq res 195.312 Hz, 7811 segments
[2026-04-02 18:37:41.381][c0/t249]   STT time: 40.1s
[2026-04-02 18:37:41.381][c0/t249]   Transcription:  I
[2026-04-02 18:37:41.381][c0/t249] Detecting command...
[2026-04-02 18:37:41.381][c0/t249]   Wake word: 0 (exact=0, approx=0)
[2026-04-02 18:37:41.382][c0/t249] Force-triggering (doom_force_trigger=true)
[2026-04-02 18:37:41.383][c0/t249] Background STT of capture 1 complete (41.7s)
[2026-04-02 18:37:41.383][c1/t507] Command detected! Launching DOOM...
[2026-04-02 18:37:41.384][c1/t392] Background STT of capture 2 started
[2026-04-02 18:37:41.384][c1/t392] --- Processing: /home/exp/toGround/run-00001/capture-002/capture.wav ---
[2026-04-02 18:37:41.384][c1/t392] Reading audio: /home/exp/toGround/run-00001/capture-002/capture.wav
[2026-04-02 18:37:41.394][c1/t507] Running DOOM demo: gl-e1m2b (1/7)
[2026-04-02 18:37:41.412][c1/t392]   16000 Hz, 320000 samples (20s)
[2026-04-02 18:37:41.418][c1/t392] Filtering (GNU Radio)...
[2026-04-02 18:37:42.552][c1/t392] Resampling to 16 kHz...
[2026-04-02 18:37:42.558][c1/t392]   320000 samples, DSP time: 1.1s
[2026-04-02 18:37:42.558][c1/t392] Transcribing (modified_beam_search)...
[2026-04-02 18:38:01.763][c0/t507] Completed demo: gl-e1m2b
[2026-04-02 18:38:01.763][c0/t507] Generating postcard (scale=2)...
[2026-04-02 18:38:01.763][c0/t507]   Frame: /home/exp/toGround/run-00001/capture-001/gl-e1m2b/frames-000480-000540.gif
[2026-04-02 18:38:01.763][c0/t507]   SC16:  /home/exp/toGround/run-00001/capture-001/capture.sc16
  GIF: 61 frames, picked frame 21
  I/Q scatter: 121213 points from 4000000 samples
[2026-04-02 18:38:11.293][c0/t507] Postcard: /home/exp/toGround/run-00001/capture-001/postcard.png (2520x1800), 9.53003s
[2026-04-02 18:38:20.015][c1/t392]   STT time: 37.4s
[2026-04-02 18:38:20.016][c1/t392]   Transcription:  I
[2026-04-02 18:38:20.016][c1/t392] Detecting command...
[2026-04-02 18:38:20.016][c1/t392]   Wake word: 0 (exact=0, approx=0)
[2026-04-02 18:38:20.017][c1/t392] Force-triggering (doom_force_trigger=true)
[2026-04-02 18:38:20.018][c1/t392] Background STT of capture 2 complete (38.6s)
[2026-04-02 18:38:20.018][c0/t725] Command detected! Launching DOOM...
[2026-04-02 18:38:20.019][c0/t725] Running DOOM demo: e1m7-607 (2/7)
[2026-04-02 18:38:32.906][c0/t725] Completed demo: e1m7-607
[2026-04-02 18:38:32.906][c0/t725] Generating postcard (scale=2)...
[2026-04-02 18:38:32.906][c0/t725]   Frame: /home/exp/toGround/run-00001/capture-002/e1m7-607/frames-007992-008025.gif
[2026-04-02 18:38:32.906][c0/t725]   SC16:  /home/exp/toGround/run-00001/capture-002/capture.sc16
  GIF: 34 frames, picked frame 23
  I/Q scatter: 121213 points from 4000000 samples
[2026-04-02 18:38:41.167][c0/t725] Postcard: /home/exp/toGround/run-00001/capture-002/postcard.png (2520x1800), 8.26115s
[2026-04-02 18:38:41.223][c1/t62] AD9361 hardware FIR disabled (cleanup)
[2026-04-02 18:38:41.224][c1/t62] Generating PSD comparison: /home/exp/toGround/run-00001/psd-comparison.bmp
[2026-04-02 18:38:41.308][c1/t62] PSD comparison: 2 captures, 800x512
[2026-04-02 18:38:41.309][c1/t62] Unloading STT model...
[2026-04-02 18:38:41.460][c1/t62] STT model unloaded
[2026-04-02 18:38:41.460][c1/t62] Total time: 130.7s
[2026-04-02 18:38:41.460][c1/t62] === Done ===
