[2026-03-24 17:25:18.483] === Capture 1/3 ===
[2026-03-24 17:25:18.483] SDR Capture: 20s at 200000 Hz effective
[2026-03-24 17:25:18.483]   Frequency:   1296 MHz
[2026-03-24 17:25:18.483]   SDR rate:    2400000 Hz, decimation 12x
[2026-03-24 17:25:18.484]   I/Q samples: 4000000, audio samples: 320000
[2026-03-24 17:25:18.484]   Resample:    200000 -> 16000 (interp=2, decim=25)
[2026-03-24 17:25:18.484]   LPF taps: 385, bandpass taps: 193
[2026-03-24 17:25:18.562] AD9361 RX config written via libiio
[2026-03-24 17:25:18.563] AD9361 RX LO readback: 1295999998 Hz
[2026-03-24 17:25:18.563] WARNING: RX LO mismatch — requested 1296000000 Hz, got 1295999998 Hz
[2026-03-24 17:25:18.564] AD9361 sample rate readback: 2400000 Hz
[2026-03-24 17:25:18.564] AD9361 RX RF bandwidth readback: 200000 Hz
[2026-03-24 17:25:18.565] AD9361 RX gain control mode: manual
[2026-03-24 17:25:18.565] AD9361 RX hardware gain: 50.000000 dB
[2026-03-24 17:25:18.566] AD9361 RX RSSI: 84.25 dB
[2026-03-24 17:25:18.566] Building flowgraph...
[2026-03-24 17:25:18.595] Starting capture...
[2026-03-24 17:25:18.609] Timeout: 110s (5x duration + 10)
[2026-03-24 17:25:23.617] Progress [5s]: I/Q 388700/4000000, audio 31062/320000
[2026-03-24 17:25:28.628] Progress [10s]: I/Q 800800/4000000, audio 64005/320000
[2026-03-24 17:25:33.639] Progress [15s]: I/Q 1228191/4000000, audio 98221/320000
[2026-03-24 17:25:38.653] Progress [20s]: I/Q 1667591/4000000, audio 133373/320000
[2026-03-24 17:25:43.667] Progress [25s]: I/Q 2090741/4000000, audio 167225/320000
[2026-03-24 17:25:48.679] Progress [30s]: I/Q 2509650/4000000, audio 200738/320000
[2026-03-24 17:25:53.689] Progress [35s]: I/Q 2906800/4000000, audio 232510/320000
[2026-03-24 17:25:58.697] Progress [40s]: I/Q 3294850/4000000, audio 263554/320000
[2026-03-24 17:26:03.704] Progress [45s]: I/Q 3692991/4000000, audio 295378/320000
[2026-03-24 17:26:08.113] Capture complete (I/Q: 4000000/4000000, audio: 319974/320000, 49s)
[2026-03-24 17:26:08.213] Normalizing audio...
[2026-03-24 17:26:08.228] RMS normalize: rms=0.577501, scale=0.17316, target=-20 dBFS
[2026-03-24 17:26:08.411] IQ diag:  4000000 samples analyzed
[2026-03-24 17:26:08.411] IQ RMS:   I=554.15 (-23.3952 dBFS)  Q=1360.88 (-15.5914 dBFS)
[2026-03-24 17:26:08.412] IQ zeros: I=0.10195%  Q=0.06325%
[2026-03-24 17:26:08.605] Spectrogram: 1024x256 (768 KB), 20s, freq res 781.25 Hz
[2026-03-24 17:26:08.698] Constellation: 256x256 (192 KB), 50000 points plotted
[2026-03-24 17:26:08.698] SDR capture OK
[2026-03-24 17:28:18.327] --- Processing: /home/exp/toGround/run-00002/capture-001/capture.wav ---
[2026-03-24 17:28:18.327] Reading audio: /home/exp/toGround/run-00002/capture-001/capture.wav
[2026-03-24 17:28:18.339]   16000 Hz, 319974 samples (19.9984s)
[2026-03-24 17:28:18.345] Filtering (GNU Radio)...
[2026-03-24 17:28:19.420] Resampling to 16 kHz...
[2026-03-24 17:28:19.425]   319974 samples, DSP time: 1.0s
[2026-03-24 17:28:19.426] Transcribing (modified_beam_search)...
[2026-03-24 17:28:57.204]   STT time: 37.7s
[2026-03-24 17:28:57.204]   Transcription:  AND I
[2026-03-24 17:28:57.204] Detecting command...
[2026-03-24 17:28:57.204]   Wake word: 0 (exact=0, approx=0)
[2026-03-24 17:28:57.205] No command detected.
[2026-03-24 17:28:57.205] Pipeline time: 38.8s (DSP + STT + detection)
